../Core/Src/AD7190.c:34:6:Force_sensor_init	8	static
../Core/Src/AD7190.c:58:6:MX_WEIGHT_SPI_Init	40	static
../Core/Src/AD7190.c:116:6:AD7190_SetRegisterValue	32	static
../Core/Src/AD7190.c:142:14:AD7190_GetRegisterValue	32	static
../Core/Src/AD7190.c:167:6:AD7190_Reset	16	static
../Core/Src/AD7190.c:185:15:AD7190_Init	16	static
../Core/Src/AD7190.c:218:6:AD7190_SetPower	24	static
../Core/Src/AD7190.c:234:6:AD7190_WaitRdyGoLow	4	static
../Core/Src/AD7190.c:251:6:AD7190_ChannelSelect	24	static
../Core/Src/AD7190.c:270:6:AD7190_Calibrate	24	static
../Core/Src/AD7190.c:296:6:AD7190_RangeSetup	24	static
../Core/Src/AD7190.c:312:14:AD7190_SingleConversion	16	static
../Core/Src/AD7190.c:332:14:AD7190_ContinuousReadAvg	32	static
../Core/Src/AD7190.c:357:14:AD7190_TemperatureRead	16	static
../Core/Src/AD7190.c:373:6:weight_ad7190_conf	16	static
../Core/Src/AD7190.c:409:14:weight_ad7190_ReadAvg	24	static
