../Core/Src/AD7190.c:34:6:Force_sensor_init	8	static
../Core/Src/AD7190.c:58:6:MX_WEIGHT_SPI_Init	40	static
../Core/Src/AD7190.c:116:6:AD7190_SetRegisterValue	32	static
../Core/Src/AD7190.c:142:14:AD7190_GetRegisterValue	32	static
../Core/Src/AD7190.c:166:6:AD7190_Reset	16	static
../Core/Src/AD7190.c:184:15:AD7190_Init	16	static
../Core/Src/AD7190.c:217:6:AD7190_SetPower	24	static
../Core/Src/AD7190.c:233:6:AD7190_WaitRdyGoLow	4	static
../Core/Src/AD7190.c:250:6:AD7190_ChannelSelect	24	static
../Core/Src/AD7190.c:269:6:AD7190_Calibrate	24	static
../Core/Src/AD7190.c:295:6:AD7190_RangeSetup	24	static
../Core/Src/AD7190.c:311:14:AD7190_SingleConversion	16	static
../Core/Src/AD7190.c:331:14:AD7190_ContinuousReadAvg	32	static
../Core/Src/AD7190.c:356:14:AD7190_TemperatureRead	16	static
../Core/Src/AD7190.c:372:6:weight_ad7190_conf	16	static
../Core/Src/AD7190.c:408:14:weight_ad7190_ReadAvg	24	static
