../Core/Src/control.c:24:6:P_Control_Init	24	static
../Core/Src/control.c:35:7:P_Control_Compute	32	static
../Core/Src/control.c:68:6:DC_Power_CTR	16	static
../Core/Src/control.c:87:6:set_speed	24	static
../Core/Src/control.c:110:6:move_to_position	16	static
../Core/Src/control.c:127:6:move_repeatedly	24	static
../Core/Src/control.c:147:6:start_move_to_position	16	static
../Core/Src/control.c:157:6:step_move	24	static,ignoring_inline_asm
../Core/Src/control.c:174:6:Close_output	8	static
../Core/Src/control.c:186:6:Update_output	16	static
