../Core/Src/main.c:143:5:main	2
../Core/Src/main.c:260:6:SystemClock_Config	3
../Core/Src/main.c:307:13:MX_ADC1_Init	5
../Core/Src/main.c:388:13:MX_ADC2_Init	5
../Core/Src/main.c:469:13:MX_COMP1_Init	2
../Core/Src/main.c:501:13:MX_COMP2_Init	2
../Core/Src/main.c:533:13:MX_DAC3_Init	4
../Core/Src/main.c:587:13:MX_FDCAN1_Init	2
../Core/Src/main.c:630:13:MX_IWDG_Init	2
../Core/Src/main.c:659:13:MX_SPI1_Init	2
../Core/Src/main.c:699:13:MX_TIM1_Init	9
../Core/Src/main.c:790:13:MX_TIM2_Init	6
../Core/Src/main.c:849:13:MX_TIM6_Init	3
../Core/Src/main.c:887:13:MX_TIM7_Init	3
../Core/Src/main.c:925:13:MX_TIM8_Init	4
../Core/Src/main.c:972:13:MX_TIM15_Init	4
../Core/Src/main.c:1018:13:MX_TIM16_Init	2
../Core/Src/main.c:1050:13:MX_TIM17_Init	2
../Core/Src/main.c:1082:13:MX_USART1_UART_Init	5
../Core/Src/main.c:1128:13:MX_DMA_Init	1
../Core/Src/main.c:1156:13:MX_GPIO_Init	1
../Core/Src/main.c:1235:6:Error_Handler	1
