../Core/Src/main.c:154:1:__io_putchar	16	static
../Core/Src/main.c:223:6:HAL_TIM_PeriodElapsedCallback	88	static
../Core/Src/main.c:454:5:main	16	static
../Core/Src/main.c:638:6:SystemClock_Config	88	static
../Core/Src/main.c:684:13:MX_ADC1_Init	56	static
../Core/Src/main.c:765:13:MX_ADC2_Init	40	static
../Core/Src/main.c:846:13:MX_COMP1_Init	8	static
../Core/Src/main.c:878:13:MX_COMP2_Init	8	static
../Core/Src/main.c:910:13:MX_DAC3_Init	56	static
../Core/Src/main.c:964:13:MX_FDCAN1_Init	8	static
../Core/Src/main.c:1007:13:MX_SPI1_Init	8	static
../Core/Src/main.c:1047:13:MX_TIM1_Init	120	static
../Core/Src/main.c:1138:13:MX_TIM2_Init	64	static
../Core/Src/main.c:1197:13:MX_TIM6_Init	24	static
../Core/Src/main.c:1235:13:MX_TIM7_Init	24	static
../Core/Src/main.c:1273:13:MX_TIM16_Init	8	static
../Core/Src/main.c:1305:13:MX_TIM17_Init	8	static
../Core/Src/main.c:1337:13:MX_USART1_UART_Init	8	static
../Core/Src/main.c:1383:13:MX_DMA_Init	16	static
../Core/Src/main.c:1411:13:MX_GPIO_Init	48	static
../Core/Src/main.c:1474:6:Error_Handler	4	static,ignoring_inline_asm
