../Core/Src/main.c:169:1:__io_putchar	16	static
../Core/Src/main.c:184:6:HAL_TIM_PeriodElapsedCallback	80	static
../Core/Src/main.c:442:5:main	48	static
../Core/Src/main.c:579:6:SystemClock_Config	88	static
../Core/Src/main.c:625:13:MX_ADC1_Init	56	static
../Core/Src/main.c:706:13:MX_ADC2_Init	40	static
../Core/Src/main.c:787:13:MX_COMP1_Init	8	static
../Core/Src/main.c:819:13:MX_COMP2_Init	8	static
../Core/Src/main.c:851:13:MX_DAC3_Init	56	static
../Core/Src/main.c:905:13:MX_FDCAN1_Init	8	static
../Core/Src/main.c:948:13:MX_SPI1_Init	8	static
../Core/Src/main.c:988:13:MX_TIM1_Init	120	static
../Core/Src/main.c:1079:13:MX_TIM2_Init	64	static
../Core/Src/main.c:1138:13:MX_TIM6_Init	24	static
../Core/Src/main.c:1176:13:MX_TIM7_Init	24	static
../Core/Src/main.c:1214:13:MX_TIM16_Init	8	static
../Core/Src/main.c:1246:13:MX_USART1_UART_Init	8	static
../Core/Src/main.c:1292:13:MX_DMA_Init	16	static
../Core/Src/main.c:1320:13:MX_GPIO_Init	48	static
../Core/Src/main.c:1383:6:Error_Handler	4	static,ignoring_inline_asm
