../Core/Src/main.c:162:1:__io_putchar	1
../Core/Src/main.c:178:6:HAL_TIM_PeriodElapsedCallback	33
../Core/Src/main.c:400:6:HAL_FDCAN_RxFifo0Callback	17
../Core/Src/main.c:547:5:main	8
../Core/Src/main.c:709:6:SystemClock_Config	3
../Core/Src/main.c:755:13:MX_ADC1_Init	5
../Core/Src/main.c:836:13:MX_ADC2_Init	5
../Core/Src/main.c:917:13:MX_COMP1_Init	2
../Core/Src/main.c:949:13:MX_COMP2_Init	2
../Core/Src/main.c:981:13:MX_DAC3_Init	4
../Core/Src/main.c:1035:13:MX_FDCAN1_Init	2
../Core/Src/main.c:1078:13:MX_TIM1_Init	9
../Core/Src/main.c:1169:13:MX_TIM2_Init	6
../Core/Src/main.c:1228:13:MX_TIM6_Init	3
../Core/Src/main.c:1266:13:MX_TIM7_Init	3
../Core/Src/main.c:1304:13:MX_TIM16_Init	2
../Core/Src/main.c:1336:13:MX_USART1_UART_Init	5
../Core/Src/main.c:1382:13:MX_DMA_Init	1
../Core/Src/main.c:1410:13:MX_GPIO_Init	1
../Core/Src/main.c:1473:6:Error_Handler	1
