../Core/Src/stm32g4xx_it.c:83:6:NMI_Handler	4	static
../Core/Src/stm32g4xx_it.c:98:6:HardFault_Handler	4	static
../Core/Src/stm32g4xx_it.c:113:6:MemManage_Handler	4	static
../Core/Src/stm32g4xx_it.c:128:6:BusFault_Handler	4	static
../Core/Src/stm32g4xx_it.c:143:6:UsageFault_Handler	4	static
../Core/Src/stm32g4xx_it.c:158:6:SVC_Handler	4	static
../Core/Src/stm32g4xx_it.c:171:6:DebugMon_Handler	4	static
../Core/Src/stm32g4xx_it.c:184:6:PendSV_Handler	4	static
../Core/Src/stm32g4xx_it.c:197:6:SysTick_Handler	8	static
../Core/Src/stm32g4xx_it.c:218:6:DMA1_Channel1_IRQHandler	8	static
../Core/Src/stm32g4xx_it.c:232:6:DMA1_Channel2_IRQHandler	8	static
../Core/Src/stm32g4xx_it.c:246:6:DMA1_Channel3_IRQHandler	8	static
../Core/Src/stm32g4xx_it.c:260:6:DMA1_Channel4_IRQHandler	8	static
../Core/Src/stm32g4xx_it.c:274:6:FDCAN1_IT0_IRQHandler	8	static
../Core/Src/stm32g4xx_it.c:288:6:TIM1_BRK_TIM15_IRQHandler	8	static
../Core/Src/stm32g4xx_it.c:309:6:TIM1_UP_TIM16_IRQHandler	8	static
../Core/Src/stm32g4xx_it.c:330:6:TIM1_TRG_COM_TIM17_IRQHandler	8	static
../Core/Src/stm32g4xx_it.c:351:6:USART1_IRQHandler	8	static
../Core/Src/stm32g4xx_it.c:365:6:TIM8_UP_IRQHandler	8	static
../Core/Src/stm32g4xx_it.c:379:6:TIM6_DAC_IRQHandler	8	static
../Core/Src/stm32g4xx_it.c:394:6:COMP1_2_3_IRQHandler	8	static
